// Jest Snapshot v1, https://goo.gl/fbAQLP

exports[`BaseButton.vue snapshot 1`] = `
<button
  class="button button-normal button-transparent"
>
  
  
</button>
`;
