// Jest Snapshot v1, https://goo.gl/fbAQLP

exports[`BaseBox.vue snapshot 1`] = `
<div
  class="box"
>
  
  
  <div>
    basebox
  </div>
  
  
</div>
`;
