// Jest Snapshot v1, https://goo.gl/fbAQLP

exports[`BaseText.vue snapshot 1`] = `
<p
  class="text text-normal"
>
  
</p>
`;
