// Jest Snapshot v1, https://goo.gl/fbAQLP

exports[`BaseCard.vue snapshot 1`] = `
<div
  class="baseCard"
>
  
  
</div>
`;
