// Jest Snapshot v1, https://goo.gl/fbAQLP

exports[`BaseBox.vue snapshot 1`] = `
<div
  class="input"
>
  <label
    class="input-label"
    for="undefined"
  />
  <input
    class="input-value"
    id="undefined"
  />
</div>
`;
